Get:72 http://deb.debian.org/debian-security bullseye-security/main amd64 mariadb-client-10.5 amd64 1:10.5.26-0+deb11u2 [1511 kB]
Get:73 http://deb.debian.org/debian-security bullseye-security/main amd64 mariadb-client all 1:10.5.26-0+deb11u2 [37.2 kB]
Get:74 http://deb.debian.org/debian bullseye/main amd64 psmisc amd64 23.4-2 [198 kB]
Get:75 http://deb.debian.org/debian bullseye/main amd64 php-common all 2:76 [15.6 kB]
Get:76 http://deb.debian.org/debian bullseye/main amd64 php7.4-common amd64 7.4.33-1+deb11u5 [1026 kB]
Get:77 http://deb.debian.org/debian bullseye/main amd64 php7.4-json amd64 7.4.33-1+deb11u5 [19.3 kB]
Get:78 http://deb.debian.org/debian bullseye/main amd64 php7.4-opcache amd64 7.4.33-1+deb11u5 [198 kB]
Get:79 http://deb.debian.org/debian bullseye/main amd64 php7.4-readline amd64 7.4.33-1+deb11u5 [12.3 kB]
Get:80 http://deb.debian.org/debian bullseye/main amd64 php7.4-cli amd64 7.4.33-1+deb11u5 [1428 kB]
Get:81 http://deb.debian.org/debian bullseye/main amd64 php7.4-fpm amd64 7.4.33-1+deb11u5 [1440 kB]
Get:82 http://deb.debian.org/debian bullseye/main amd64 php7.4 all 7.4.33-1+deb11u5 [51.2 kB]
Get:83 http://deb.debian.org/debian bullseye/main amd64 php all 2:7.4+76 [6340 B]
Get:84 http://deb.debian.org/debian bullseye/main amd64 php-cli all 2:7.4+76 [6796 B]
Get:85 http://deb.debian.org/debian bullseye/main amd64 php7.4-curl amd64 7.4.33-1+deb11u5 [31.0 kB]
Get:86 http://deb.debian.org/debian bullseye/main amd64 php-curl all 2:7.4+76 [6364 B]
Get:87 http://deb.debian.org/debian bullseye/main amd64 php-fpm all 2:7.4+76 [6424 B]
Get:88 http://deb.debian.org/debian bullseye/main amd64 php7.4-gd amd64 7.4.33-1+deb11u5 [28.0 kB]
Get:89 http://deb.debian.org/debian bullseye/main amd64 php-gd all 2:7.4+76 [6360 B]
Get:90 http://deb.debian.org/debian bullseye/main amd64 php7.4-mbstring amd64 7.4.33-1+deb11u5 [396 kB]
Get:91 http://deb.debian.org/debian bullseye/main amd64 php-mbstring all 2:7.4+76 [6372 B]
Get:92 http://deb.debian.org/debian bullseye/main amd64 php7.4-mysql amd64 7.4.33-1+deb11u5 [121 kB]
Get:93 http://deb.debian.org/debian bullseye/main amd64 php-mysql all 2:7.4+76 [6360 B]
Get:94 http://deb.debian.org/debian bullseye/main amd64 php7.4-xml amd64 7.4.33-1+deb11u5 [99.6 kB]
Get:95 http://deb.debian.org/debian bullseye/main amd64 php-xml all 2:7.4+76 [6384 B]
Get:96 http://deb.debian.org/debian bullseye/main amd64 publicsuffix all 20220811.1734-0+deb11u1 [127 kB]
debconf: delaying package configuration, since apt-utils is not installed
Fetched 35.7 MB in 1s (25.8 MB/s)                                                                                    
Selecting previously unselected package perl-modules-5.32.
(Reading database ... 6670 files and directories currently installed.)
Preparing to unpack .../00-perl-modules-5.32_5.32.1-4+deb11u3_all.deb ...
Unpacking perl-modules-5.32 (5.32.1-4+deb11u3) ...
Selecting previously unselected package libgdbm6:amd64.
Preparing to unpack .../01-libgdbm6_1.19-2_amd64.deb ...
Unpacking libgdbm6:amd64 (1.19-2) ...
Selecting previously unselected package libgdbm-compat4:amd64.
Preparing to unpack .../02-libgdbm-compat4_1.19-2_amd64.deb ...
Unpacking libgdbm-compat4:amd64 (1.19-2) ...
Selecting previously unselected package libperl5.32:amd64.
Preparing to unpack .../03-libperl5.32_5.32.1-4+deb11u3_amd64.deb ...
Unpacking libperl5.32:amd64 (5.32.1-4+deb11u3) ...
Selecting previously unselected package perl.
Preparing to unpack .../04-perl_5.32.1-4+deb11u3_amd64.deb ...
Unpacking perl (5.32.1-4+deb11u3) ...
Selecting previously unselected package netbase.
Preparing to unpack .../05-netbase_6.3_all.deb ...
Unpacking netbase (6.3) ...
Selecting previously unselected package libncurses6:amd64.
Preparing to unpack .../06-libncurses6_6.2+20201114-2+deb11u2_amd64.deb ...
Unpacking libncurses6:amd64 (6.2+20201114-2+deb11u2) ...
Selecting previously unselected package libncursesw6:amd64.
Preparing to unpack .../07-libncursesw6_6.2+20201114-2+deb11u2_amd64.deb ...
Unpacking libncursesw6:amd64 (6.2+20201114-2+deb11u2) ...
Selecting previously unselected package libprocps8:amd64.
Preparing to unpack .../08-libprocps8_2%3a3.3.17-5_amd64.deb ...
Unpacking libprocps8:amd64 (2:3.3.17-5) ...
Selecting previously unselected package procps.
Preparing to unpack .../09-procps_2%3a3.3.17-5_amd64.deb ...
Unpacking procps (2:3.3.17-5) ...
Selecting previously unselected package sensible-utils.
Preparing to unpack .../10-sensible-utils_0.0.14_all.deb ...
Unpacking sensible-utils (0.0.14) ...
Selecting previously unselected package bzip2.
Preparing to unpack .../11-bzip2_1.0.8-4_amd64.deb ...
Unpacking bzip2 (1.0.8-4) ...
Selecting previously unselected package openssl.
Preparing to unpack .../12-openssl_1.1.1w-0+deb11u1_amd64.deb ...
Unpacking openssl (1.1.1w-0+deb11u1) ...
Selecting previously unselected package ca-certificates.
Preparing to unpack .../13-ca-certificates_20210119_all.deb ...
Unpacking ca-certificates (20210119) ...
Selecting previously unselected package libmagic-mgc.
Preparing to unpack .../14-libmagic-mgc_1%3a5.39-3+deb11u1_amd64.deb ...
Unpacking libmagic-mgc (1:5.39-3+deb11u1) ...
Selecting previously unselected package libmagic1:amd64.
Preparing to unpack .../15-libmagic1_1%3a5.39-3+deb11u1_amd64.deb ...
Unpacking libmagic1:amd64 (1:5.39-3+deb11u1) ...
Selecting previously unselected package file.
Preparing to unpack .../16-file_1%3a5.39-3+deb11u1_amd64.deb ...
Unpacking file (1:5.39-3+deb11u1) ...
Selecting previously unselected package media-types.
Preparing to unpack .../17-media-types_4.0.0_all.deb ...
Unpacking media-types (4.0.0) ...
Selecting previously unselected package mailcap.
Preparing to unpack .../18-mailcap_3.69_all.deb ...
Unpacking mailcap (3.69) ...
Selecting previously unselected package mime-support.
Preparing to unpack .../19-mime-support_3.66_all.deb ...
Unpacking mime-support (3.66) ...
Selecting previously unselected package ucf.
Preparing to unpack .../20-ucf_3.0043_all.deb ...
Moving old data out of the way
Unpacking ucf (3.0043) ...
Selecting previously unselected package xz-utils.
Preparing to unpack .../21-xz-utils_5.2.5-2.1~deb11u1_amd64.deb ...
Unpacking xz-utils (5.2.5-2.1~deb11u1) ...
Selecting previously unselected package libbrotli1:amd64.
Preparing to unpack .../22-libbrotli1_1.0.9-2+b2_amd64.deb ...
Unpacking libbrotli1:amd64 (1.0.9-2+b2) ...
Selecting previously unselected package libsasl2-modules-db:amd64.
Preparing to unpack .../23-libsasl2-modules-db_2.1.27+dfsg-2.1+deb11u1_amd64.deb ...
Unpacking libsasl2-modules-db:amd64 (2.1.27+dfsg-2.1+deb11u1) ...
Selecting previously unselected package libsasl2-2:amd64.
Preparing to unpack .../24-libsasl2-2_2.1.27+dfsg-2.1+deb11u1_amd64.deb ...
Unpacking libsasl2-2:amd64 (2.1.27+dfsg-2.1+deb11u1) ...
Selecting previously unselected package libldap-2.4-2:amd64.
Preparing to unpack .../25-libldap-2.4-2_2.4.57+dfsg-3+deb11u1_amd64.deb ...
Unpacking libldap-2.4-2:amd64 (2.4.57+dfsg-3+deb11u1) ...
Selecting previously unselected package libnghttp2-14:amd64.
Preparing to unpack .../26-libnghttp2-14_1.43.0-1+deb11u2_amd64.deb ...
Unpacking libnghttp2-14:amd64 (1.43.0-1+deb11u2) ...
Selecting previously unselected package libpsl5:amd64.
Preparing to unpack .../27-libpsl5_0.21.0-1.2_amd64.deb ...
Unpacking libpsl5:amd64 (0.21.0-1.2) ...
Selecting previously unselected package librtmp1:amd64.
Preparing to unpack .../28-librtmp1_2.4+20151223.gitfa8646d.1-2+b2_amd64.deb ...
Unpacking librtmp1:amd64 (2.4+20151223.gitfa8646d.1-2+b2) ...
Selecting previously unselected package libssh2-1:amd64.
Preparing to unpack .../29-libssh2-1_1.9.0-2+deb11u1_amd64.deb ...
Unpacking libssh2-1:amd64 (1.9.0-2+deb11u1) ...
Selecting previously unselected package libcurl4:amd64.
Preparing to unpack .../30-libcurl4_7.74.0-1.3+deb11u13_amd64.deb ...
Unpacking libcurl4:amd64 (7.74.0-1.3+deb11u13) ...
Selecting previously unselected package curl.
Preparing to unpack .../31-curl_7.74.0-1.3+deb11u13_amd64.deb ...
Unpacking curl (7.74.0-1.3+deb11u13) ...
Selecting previously unselected package fonts-dejavu-core.
Preparing to unpack .../32-fonts-dejavu-core_2.37-2_all.deb ...
Unpacking fonts-dejavu-core (2.37-2) ...
Selecting previously unselected package fontconfig-config.
Preparing to unpack .../33-fontconfig-config_2.13.1-4.2_all.deb ...
Unpacking fontconfig-config (2.13.1-4.2) ...
Selecting previously unselected package libapparmor1:amd64.
Preparing to unpack .../34-libapparmor1_2.13.6-10_amd64.deb ...
Unpacking libapparmor1:amd64 (2.13.6-10) ...
Selecting previously unselected package libargon2-1:amd64.
Preparing to unpack .../35-libargon2-1_0~20171227-0.2_amd64.deb ...
Unpacking libargon2-1:amd64 (0~20171227-0.2) ...
Selecting previously unselected package libmd0:amd64.
Preparing to unpack .../36-libmd0_1.0.3-3_amd64.deb ...
Unpacking libmd0:amd64 (1.0.3-3) ...
Selecting previously unselected package libbsd0:amd64.
Preparing to unpack .../37-libbsd0_0.11.3-1+deb11u1_amd64.deb ...
Unpacking libbsd0:amd64 (0.11.3-1+deb11u1) ...
Selecting previously unselected package libconfig-inifiles-perl.
Preparing to unpack .../38-libconfig-inifiles-perl_3.000003-1_all.deb ...
Unpacking libconfig-inifiles-perl (3.000003-1) ...
Selecting previously unselected package libdbi-perl:amd64.
Preparing to unpack .../39-libdbi-perl_1.643-3+b1_amd64.deb ...
Unpacking libdbi-perl:amd64 (1.643-3+b1) ...
Selecting previously unselected package mysql-common.
Preparing to unpack .../40-mysql-common_5.8+1.0.7_all.deb ...
Unpacking mysql-common (5.8+1.0.7) ...
Selecting previously unselected package mariadb-common.
Preparing to unpack .../41-mariadb-common_1%3a10.5.26-0+deb11u2_all.deb ...
Unpacking mariadb-common (1:10.5.26-0+deb11u2) ...
Selecting previously unselected package libmariadb3:amd64.
Preparing to unpack .../42-libmariadb3_1%3a10.5.26-0+deb11u2_amd64.deb ...
Unpacking libmariadb3:amd64 (1:10.5.26-0+deb11u2) ...
Selecting previously unselected package libdbd-mariadb-perl.
Preparing to unpack .../43-libdbd-mariadb-perl_1.21-3_amd64.deb ...
Unpacking libdbd-mariadb-perl (1.21-3) ...
Selecting previously unselected package libdeflate0:amd64.
Preparing to unpack .../44-libdeflate0_1.7-1_amd64.deb ...
Unpacking libdeflate0:amd64 (1.7-1) ...
Selecting previously unselected package libedit2:amd64.
Preparing to unpack .../45-libedit2_3.1-20191231-2+b1_amd64.deb ...
Unpacking libedit2:amd64 (3.1-20191231-2+b1) ...
Selecting previously unselected package libexpat1:amd64.
Preparing to unpack .../46-libexpat1_2.2.10-2+deb11u6_amd64.deb ...
Unpacking libexpat1:amd64 (2.2.10-2+deb11u6) ...
Selecting previously unselected package libpng16-16:amd64.
Preparing to unpack .../47-libpng16-16_1.6.37-3_amd64.deb ...
Unpacking libpng16-16:amd64 (1.6.37-3) ...
Selecting previously unselected package libfreetype6:amd64.
Preparing to unpack .../48-libfreetype6_2.10.4+dfsg-1+deb11u1_amd64.deb ...
Unpacking libfreetype6:amd64 (2.10.4+dfsg-1+deb11u1) ...
Selecting previously unselected package libfontconfig1:amd64.
Preparing to unpack .../49-libfontconfig1_2.13.1-4.2_amd64.deb ...
Unpacking libfontconfig1:amd64 (2.13.1-4.2) ...
Selecting previously unselected package libjpeg62-turbo:amd64.
Preparing to unpack .../50-libjpeg62-turbo_1%3a2.0.6-4_amd64.deb ...
Unpacking libjpeg62-turbo:amd64 (1:2.0.6-4) ...
Selecting previously unselected package libjbig0:amd64.
Preparing to unpack .../51-libjbig0_2.1-3.1+b2_amd64.deb ...
Unpacking libjbig0:amd64 (2.1-3.1+b2) ...
Selecting previously unselected package libwebp6:amd64.
Preparing to unpack .../52-libwebp6_0.6.1-2.1+deb11u2_amd64.deb ...
Unpacking libwebp6:amd64 (0.6.1-2.1+deb11u2) ...
Selecting previously unselected package libtiff5:amd64.
Preparing to unpack .../53-libtiff5_4.2.0-1+deb11u5_amd64.deb ...
Unpacking libtiff5:amd64 (4.2.0-1+deb11u5) ...
Selecting previously unselected package libxau6:amd64.
Preparing to unpack .../54-libxau6_1%3a1.0.9-1_amd64.deb ...
Unpacking libxau6:amd64 (1:1.0.9-1) ...
Selecting previously unselected package libxdmcp6:amd64.
Preparing to unpack .../55-libxdmcp6_1%3a1.1.2-3_amd64.deb ...
Unpacking libxdmcp6:amd64 (1:1.1.2-3) ...
Selecting previously unselected package libxcb1:amd64.
Preparing to unpack .../56-libxcb1_1.14-3_amd64.deb ...
Unpacking libxcb1:amd64 (1.14-3) ...
Selecting previously unselected package libx11-data.
Preparing to unpack .../57-libx11-data_2%3a1.7.2-1+deb11u2_all.deb ...
Unpacking libx11-data (2:1.7.2-1+deb11u2) ...
Selecting previously unselected package libx11-6:amd64.
Preparing to unpack .../58-libx11-6_2%3a1.7.2-1+deb11u2_amd64.deb ...
Unpacking libx11-6:amd64 (2:1.7.2-1+deb11u2) ...
Selecting previously unselected package libxpm4:amd64.
Preparing to unpack .../59-libxpm4_1%3a3.5.12-1.1+deb11u1_amd64.deb ...
Unpacking libxpm4:amd64 (1:3.5.12-1.1+deb11u1) ...
Selecting previously unselected package libgd3:amd64.
Preparing to unpack .../60-libgd3_2.3.0-2_amd64.deb ...
Unpacking libgd3:amd64 (2.3.0-2) ...
Selecting previously unselected package libgpm2:amd64.
Preparing to unpack .../61-libgpm2_1.20.7-8_amd64.deb ...
Unpacking libgpm2:amd64 (1.20.7-8) ...
Selecting previously unselected package libicu67:amd64.
Preparing to unpack .../62-libicu67_67.1-7_amd64.deb ...
Unpacking libicu67:amd64 (67.1-7) ...
Selecting previously unselected package libldap-common.
Preparing to unpack .../63-libldap-common_2.4.57+dfsg-3+deb11u1_all.deb ...
Unpacking libldap-common (2.4.57+dfsg-3+deb11u1) ...
Selecting previously unselected package libonig5:amd64.
Preparing to unpack .../64-libonig5_6.9.6-1.1_amd64.deb ...
Unpacking libonig5:amd64 (6.9.6-1.1) ...
Selecting previously unselected package libsasl2-modules:amd64.
Preparing to unpack .../65-libsasl2-modules_2.1.27+dfsg-2.1+deb11u1_amd64.deb ...
Unpacking libsasl2-modules:amd64 (2.1.27+dfsg-2.1+deb11u1) ...
Selecting previously unselected package libsodium23:amd64.
Preparing to unpack .../66-libsodium23_1.0.18-1_amd64.deb ...
Unpacking libsodium23:amd64 (1.0.18-1) ...
Selecting previously unselected package libterm-readkey-perl.
Preparing to unpack .../67-libterm-readkey-perl_2.38-1+b2_amd64.deb ...
Unpacking libterm-readkey-perl (2.38-1+b2) ...
Selecting previously unselected package libxml2:amd64.
Preparing to unpack .../68-libxml2_2.9.10+dfsg-6.7+deb11u5_amd64.deb ...
Unpacking libxml2:amd64 (2.9.10+dfsg-6.7+deb11u5) ...
Selecting previously unselected package libxslt1.1:amd64.
Preparing to unpack .../69-libxslt1.1_1.1.34-4+deb11u1_amd64.deb ...
Unpacking libxslt1.1:amd64 (1.1.34-4+deb11u1) ...
Selecting previously unselected package mariadb-client-core-10.5.
Preparing to unpack .../70-mariadb-client-core-10.5_1%3a10.5.26-0+deb11u2_amd64.deb ...
Unpacking mariadb-client-core-10.5 (1:10.5.26-0+deb11u2) ...
Selecting previously unselected package mariadb-client-10.5.
Preparing to unpack .../71-mariadb-client-10.5_1%3a10.5.26-0+deb11u2_amd64.deb ...
Unpacking mariadb-client-10.5 (1:10.5.26-0+deb11u2) ...
Selecting previously unselected package mariadb-client.
Preparing to unpack .../72-mariadb-client_1%3a10.5.26-0+deb11u2_all.deb ...
Unpacking mariadb-client (1:10.5.26-0+deb11u2) ...
Selecting previously unselected package psmisc.
Preparing to unpack .../73-psmisc_23.4-2_amd64.deb ...
Unpacking psmisc (23.4-2) ...
Selecting previously unselected package php-common.
Preparing to unpack .../74-php-common_2%3a76_all.deb ...
Unpacking php-common (2:76) ...
Selecting previously unselected package php7.4-common.
Preparing to unpack .../75-php7.4-common_7.4.33-1+deb11u5_amd64.deb ...
Unpacking php7.4-common (7.4.33-1+deb11u5) ...
Selecting previously unselected package php7.4-json.
Preparing to unpack .../76-php7.4-json_7.4.33-1+deb11u5_amd64.deb ...
Unpacking php7.4-json (7.4.33-1+deb11u5) ...
Selecting previously unselected package php7.4-opcache.
Preparing to unpack .../77-php7.4-opcache_7.4.33-1+deb11u5_amd64.deb ...
Unpacking php7.4-opcache (7.4.33-1+deb11u5) ...
Selecting previously unselected package php7.4-readline.
Preparing to unpack .../78-php7.4-readline_7.4.33-1+deb11u5_amd64.deb ...
Unpacking php7.4-readline (7.4.33-1+deb11u5) ...
Selecting previously unselected package php7.4-cli.
Preparing to unpack .../79-php7.4-cli_7.4.33-1+deb11u5_amd64.deb ...
Unpacking php7.4-cli (7.4.33-1+deb11u5) ...
Selecting previously unselected package php7.4-fpm.
Preparing to unpack .../80-php7.4-fpm_7.4.33-1+deb11u5_amd64.deb ...
Unpacking php7.4-fpm (7.4.33-1+deb11u5) ...
Selecting previously unselected package php7.4.
Preparing to unpack .../81-php7.4_7.4.33-1+deb11u5_all.deb ...
Unpacking php7.4 (7.4.33-1+deb11u5) ...
Selecting previously unselected package php.
Preparing to unpack .../82-php_2%3a7.4+76_all.deb ...
Unpacking php (2:7.4+76) ...
Selecting previously unselected package php-cli.
Preparing to unpack .../83-php-cli_2%3a7.4+76_all.deb ...
Unpacking php-cli (2:7.4+76) ...
Selecting previously unselected package php7.4-curl.
Preparing to unpack .../84-php7.4-curl_7.4.33-1+deb11u5_amd64.deb ...
Unpacking php7.4-curl (7.4.33-1+deb11u5) ...
Selecting previously unselected package php-curl.
Preparing to unpack .../85-php-curl_2%3a7.4+76_all.deb ...
Unpacking php-curl (2:7.4+76) ...
Selecting previously unselected package php-fpm.
Preparing to unpack .../86-php-fpm_2%3a7.4+76_all.deb ...
Unpacking php-fpm (2:7.4+76) ...
Selecting previously unselected package php7.4-gd.
Preparing to unpack .../87-php7.4-gd_7.4.33-1+deb11u5_amd64.deb ...
Unpacking php7.4-gd (7.4.33-1+deb11u5) ...
Selecting previously unselected package php-gd.
Preparing to unpack .../88-php-gd_2%3a7.4+76_all.deb ...
Unpacking php-gd (2:7.4+76) ...
Selecting previously unselected package php7.4-mbstring.
Preparing to unpack .../89-php7.4-mbstring_7.4.33-1+deb11u5_amd64.deb ...
Unpacking php7.4-mbstring (7.4.33-1+deb11u5) ...
Selecting previously unselected package php-mbstring.
Preparing to unpack .../90-php-mbstring_2%3a7.4+76_all.deb ...
Unpacking php-mbstring (2:7.4+76) ...
Selecting previously unselected package php7.4-mysql.
Preparing to unpack .../91-php7.4-mysql_7.4.33-1+deb11u5_amd64.deb ...
Unpacking php7.4-mysql (7.4.33-1+deb11u5) ...
Selecting previously unselected package php-mysql.
Preparing to unpack .../92-php-mysql_2%3a7.4+76_all.deb ...
Unpacking php-mysql (2:7.4+76) ...
Selecting previously unselected package php7.4-xml.
Preparing to unpack .../93-php7.4-xml_7.4.33-1+deb11u5_amd64.deb ...
Unpacking php7.4-xml (7.4.33-1+deb11u5) ...
Selecting previously unselected package php-xml.
Preparing to unpack .../94-php-xml_2%3a7.4+76_all.deb ...
Unpacking php-xml (2:7.4+76) ...
Selecting previously unselected package publicsuffix.
Preparing to unpack .../95-publicsuffix_20220811.1734-0+deb11u1_all.deb ...
Unpacking publicsuffix (20220811.1734-0+deb11u1) ...
Setting up libconfig-inifiles-perl (3.000003-1) ...
Setting up libexpat1:amd64 (2.2.10-2+deb11u6) ...
Setting up media-types (4.0.0) ...
Setting up mysql-common (5.8+1.0.7) ...
update-alternatives: using /etc/mysql/my.cnf.fallback to provide /etc/mysql/my.cnf (my.cnf) in auto mode
Setting up libxau6:amd64 (1:1.0.9-1) ...
Setting up libapparmor1:amd64 (2.13.6-10) ...
Setting up libpsl5:amd64 (0.21.0-1.2) ...
Setting up libsodium23:amd64 (1.0.18-1) ...
Setting up libgpm2:amd64 (1.20.7-8) ...
Setting up libicu67:amd64 (67.1-7) ...
Setting up libmagic-mgc (1:5.39-3+deb11u1) ...
Setting up psmisc (23.4-2) ...
Setting up libargon2-1:amd64 (0~20171227-0.2) ...
Setting up perl-modules-5.32 (5.32.1-4+deb11u3) ...
Setting up libbrotli1:amd64 (1.0.9-2+b2) ...
Setting up libsasl2-modules:amd64 (2.1.27+dfsg-2.1+deb11u1) ...
Setting up libnghttp2-14:amd64 (1.43.0-1+deb11u2) ...
Setting up libmagic1:amd64 (1:5.39-3+deb11u1) ...
Setting up libdeflate0:amd64 (1.7-1) ...
Setting up file (1:5.39-3+deb11u1) ...
Setting up bzip2 (1.0.8-4) ...
Setting up libldap-common (2.4.57+dfsg-3+deb11u1) ...
Setting up libjbig0:amd64 (2.1-3.1+b2) ...
Setting up libsasl2-modules-db:amd64 (2.1.27+dfsg-2.1+deb11u1) ...
Setting up mariadb-common (1:10.5.26-0+deb11u2) ...
update-alternatives: using /etc/mysql/mariadb.cnf to provide /etc/mysql/my.cnf (my.cnf) in auto mode
Setting up libjpeg62-turbo:amd64 (1:2.0.6-4) ...
Setting up libx11-data (2:1.7.2-1+deb11u2) ...
Setting up librtmp1:amd64 (2.4+20151223.gitfa8646d.1-2+b2) ...
Setting up libncurses6:amd64 (6.2+20201114-2+deb11u2) ...
Setting up xz-utils (5.2.5-2.1~deb11u1) ...
update-alternatives: using /usr/bin/xz to provide /usr/bin/lzma (lzma) in auto mode
Setting up libpng16-16:amd64 (1.6.37-3) ...
Setting up libwebp6:amd64 (0.6.1-2.1+deb11u2) ...
Setting up libmariadb3:amd64 (1:10.5.26-0+deb11u2) ...
Setting up fonts-dejavu-core (2.37-2) ...
Setting up libncursesw6:amd64 (6.2+20201114-2+deb11u2) ...
Setting up libsasl2-2:amd64 (2.1.27+dfsg-2.1+deb11u1) ...
Setting up libmd0:amd64 (1.0.3-3) ...
Setting up sensible-utils (0.0.14) ...
Setting up libssh2-1:amd64 (1.9.0-2+deb11u1) ...
Setting up netbase (6.3) ...
Setting up libtiff5:amd64 (4.2.0-1+deb11u5) ...
Setting up openssl (1.1.1w-0+deb11u1) ...
Setting up libbsd0:amd64 (0.11.3-1+deb11u1) ...
Setting up publicsuffix (20220811.1734-0+deb11u1) ...
Setting up libxml2:amd64 (2.9.10+dfsg-6.7+deb11u5) ...
Setting up libonig5:amd64 (6.9.6-1.1) ...
Setting up libprocps8:amd64 (2:3.3.17-5) ...
Setting up libgdbm6:amd64 (1.19-2) ...
Setting up php-common (2:76) ...
Setting up libxdmcp6:amd64 (1:1.1.2-3) ...
Setting up libxcb1:amd64 (1.14-3) ...
Setting up libedit2:amd64 (3.1-20191231-2+b1) ...
Setting up libldap-2.4-2:amd64 (2.4.57+dfsg-3+deb11u1) ...
Setting up ca-certificates (20210119) ...
debconf: unable to initialize frontend: Dialog
debconf: (TERM is not set, so the dialog frontend is not usable.)
debconf: falling back to frontend: Readline
Updating certificates in /etc/ssl/certs...
129 added, 0 removed; done.
Setting up libfreetype6:amd64 (2.10.4+dfsg-1+deb11u1) ...
Setting up mariadb-client-core-10.5 (1:10.5.26-0+deb11u2) ...
Setting up libgdbm-compat4:amd64 (1.19-2) ...
Setting up ucf (3.0043) ...
debconf: unable to initialize frontend: Dialog
debconf: (TERM is not set, so the dialog frontend is not usable.)
debconf: falling back to frontend: Readline
Setting up libperl5.32:amd64 (5.32.1-4+deb11u3) ...
Setting up procps (2:3.3.17-5) ...
Setting up libxslt1.1:amd64 (1.1.34-4+deb11u1) ...
Setting up libcurl4:amd64 (7.74.0-1.3+deb11u13) ...
Setting up libx11-6:amd64 (2:1.7.2-1+deb11u2) ...
Setting up curl (7.74.0-1.3+deb11u13) ...
Setting up php7.4-common (7.4.33-1+deb11u5) ...
debconf: unable to initialize frontend: Dialog
debconf: (TERM is not set, so the dialog frontend is not usable.)
debconf: falling back to frontend: Readline

Creating config file /etc/php/7.4/mods-available/calendar.ini with new version
debconf: unable to initialize frontend: Dialog
debconf: (TERM is not set, so the dialog frontend is not usable.)
debconf: falling back to frontend: Readline

Creating config file /etc/php/7.4/mods-available/ctype.ini with new version
debconf: unable to initialize frontend: Dialog
debconf: (TERM is not set, so the dialog frontend is not usable.)
debconf: falling back to frontend: Readline

Creating config file /etc/php/7.4/mods-available/exif.ini with new version
debconf: unable to initialize frontend: Dialog
debconf: (TERM is not set, so the dialog frontend is not usable.)
debconf: falling back to frontend: Readline

Creating config file /etc/php/7.4/mods-available/fileinfo.ini with new version
debconf: unable to initialize frontend: Dialog
debconf: (TERM is not set, so the dialog frontend is not usable.)
debconf: falling back to frontend: Readline

Creating config file /etc/php/7.4/mods-available/ffi.ini with new version
debconf: unable to initialize frontend: Dialog
debconf: (TERM is not set, so the dialog frontend is not usable.)
debconf: falling back to frontend: Readline

Creating config file /etc/php/7.4/mods-available/ftp.ini with new version
debconf: unable to initialize frontend: Dialog
debconf: (TERM is not set, so the dialog frontend is not usable.)
debconf: falling back to frontend: Readline

Creating config file /etc/php/7.4/mods-available/gettext.ini with new version
debconf: unable to initialize frontend: Dialog
debconf: (TERM is not set, so the dialog frontend is not usable.)
debconf: falling back to frontend: Readline

Creating config file /etc/php/7.4/mods-available/iconv.ini with new version
debconf: unable to initialize frontend: Dialog
debconf: (TERM is not set, so the dialog frontend is not usable.)
debconf: falling back to frontend: Readline

Creating config file /etc/php/7.4/mods-available/pdo.ini with new version
debconf: unable to initialize frontend: Dialog
debconf: (TERM is not set, so the dialog frontend is not usable.)
debconf: falling back to frontend: Readline

Creating config file /etc/php/7.4/mods-available/phar.ini with new version
debconf: unable to initialize frontend: Dialog
debconf: (TERM is not set, so the dialog frontend is not usable.)
debconf: falling back to frontend: Readline

Creating config file /etc/php/7.4/mods-available/posix.ini with new version
debconf: unable to initialize frontend: Dialog
debconf: (TERM is not set, so the dialog frontend is not usable.)
debconf: falling back to frontend: Readline

Creating config file /etc/php/7.4/mods-available/shmop.ini with new version
debconf: unable to initialize frontend: Dialog
debconf: (TERM is not set, so the dialog frontend is not usable.)
debconf: falling back to frontend: Readline

Creating config file /etc/php/7.4/mods-available/sockets.ini with new version
debconf: unable to initialize frontend: Dialog
debconf: (TERM is not set, so the dialog frontend is not usable.)
debconf: falling back to frontend: Readline

Creating config file /etc/php/7.4/mods-available/sysvmsg.ini with new version
debconf: unable to initialize frontend: Dialog
debconf: (TERM is not set, so the dialog frontend is not usable.)
debconf: falling back to frontend: Readline

Creating config file /etc/php/7.4/mods-available/sysvsem.ini with new version
debconf: unable to initialize frontend: Dialog
debconf: (TERM is not set, so the dialog frontend is not usable.)
debconf: falling back to frontend: Readline

Creating config file /etc/php/7.4/mods-available/sysvshm.ini with new version
debconf: unable to initialize frontend: Dialog
debconf: (TERM is not set, so the dialog frontend is not usable.)
debconf: falling back to frontend: Readline

Creating config file /etc/php/7.4/mods-available/tokenizer.ini with new version
Setting up libxpm4:amd64 (1:3.5.12-1.1+deb11u1) ...
Setting up php7.4-curl (7.4.33-1+deb11u5) ...
debconf: unable to initialize frontend: Dialog
debconf: (TERM is not set, so the dialog frontend is not usable.)
debconf: falling back to frontend: Readline

Creating config file /etc/php/7.4/mods-available/curl.ini with new version
Setting up php7.4-mysql (7.4.33-1+deb11u5) ...
debconf: unable to initialize frontend: Dialog
debconf: (TERM is not set, so the dialog frontend is not usable.)
debconf: falling back to frontend: Readline

Creating config file /etc/php/7.4/mods-available/mysqlnd.ini with new version
debconf: unable to initialize frontend: Dialog
debconf: (TERM is not set, so the dialog frontend is not usable.)
debconf: falling back to frontend: Readline

Creating config file /etc/php/7.4/mods-available/mysqli.ini with new version
debconf: unable to initialize frontend: Dialog
debconf: (TERM is not set, so the dialog frontend is not usable.)
debconf: falling back to frontend: Readline

Creating config file /etc/php/7.4/mods-available/pdo_mysql.ini with new version
Setting up fontconfig-config (2.13.1-4.2) ...
debconf: unable to initialize frontend: Dialog
debconf: (TERM is not set, so the dialog frontend is not usable.)
debconf: falling back to frontend: Readline
Setting up php7.4-readline (7.4.33-1+deb11u5) ...
debconf: unable to initialize frontend: Dialog
debconf: (TERM is not set, so the dialog frontend is not usable.)
debconf: falling back to frontend: Readline

Creating config file /etc/php/7.4/mods-available/readline.ini with new version
Setting up php7.4-mbstring (7.4.33-1+deb11u5) ...
debconf: unable to initialize frontend: Dialog
debconf: (TERM is not set, so the dialog frontend is not usable.)
debconf: falling back to frontend: Readline

Creating config file /etc/php/7.4/mods-available/mbstring.ini with new version
Setting up php-mbstring (2:7.4+76) ...
Setting up perl (5.32.1-4+deb11u3) ...
Setting up mariadb-client-10.5 (1:10.5.26-0+deb11u2) ...
Setting up php7.4-opcache (7.4.33-1+deb11u5) ...
debconf: unable to initialize frontend: Dialog
debconf: (TERM is not set, so the dialog frontend is not usable.)
debconf: falling back to frontend: Readline

Creating config file /etc/php/7.4/mods-available/opcache.ini with new version
Setting up libfontconfig1:amd64 (2.13.1-4.2) ...
Setting up libterm-readkey-perl (2.38-1+b2) ...
Setting up mailcap (3.69) ...
Setting up libdbi-perl:amd64 (1.643-3+b1) ...
Setting up php-curl (2:7.4+76) ...
Setting up php7.4-json (7.4.33-1+deb11u5) ...
debconf: unable to initialize frontend: Dialog
debconf: (TERM is not set, so the dialog frontend is not usable.)
debconf: falling back to frontend: Readline

Creating config file /etc/php/7.4/mods-available/json.ini with new version
Setting up php-mysql (2:7.4+76) ...
Setting up php7.4-xml (7.4.33-1+deb11u5) ...
debconf: unable to initialize frontend: Dialog
debconf: (TERM is not set, so the dialog frontend is not usable.)
debconf: falling back to frontend: Readline

Creating config file /etc/php/7.4/mods-available/dom.ini with new version
debconf: unable to initialize frontend: Dialog
debconf: (TERM is not set, so the dialog frontend is not usable.)
debconf: falling back to frontend: Readline

Creating config file /etc/php/7.4/mods-available/simplexml.ini with new version
debconf: unable to initialize frontend: Dialog
debconf: (TERM is not set, so the dialog frontend is not usable.)
debconf: falling back to frontend: Readline

Creating config file /etc/php/7.4/mods-available/xml.ini with new version
debconf: unable to initialize frontend: Dialog
debconf: (TERM is not set, so the dialog frontend is not usable.)
debconf: falling back to frontend: Readline

Creating config file /etc/php/7.4/mods-available/xmlreader.ini with new version
debconf: unable to initialize frontend: Dialog
debconf: (TERM is not set, so the dialog frontend is not usable.)
debconf: falling back to frontend: Readline

Creating config file /etc/php/7.4/mods-available/xmlwriter.ini with new version
debconf: unable to initialize frontend: Dialog
debconf: (TERM is not set, so the dialog frontend is not usable.)
debconf: falling back to frontend: Readline

Creating config file /etc/php/7.4/mods-available/xsl.ini with new version
Setting up mime-support (3.66) ...
Setting up mariadb-client (1:10.5.26-0+deb11u2) ...
Setting up php7.4-cli (7.4.33-1+deb11u5) ...
update-alternatives: using /usr/bin/php7.4 to provide /usr/bin/php (php) in auto mode
update-alternatives: using /usr/bin/phar7.4 to provide /usr/bin/phar (phar) in auto mode
update-alternatives: using /usr/bin/phar.phar7.4 to provide /usr/bin/phar.phar (phar.phar) in auto mode
debconf: unable to initialize frontend: Dialog
debconf: (TERM is not set, so the dialog frontend is not usable.)
debconf: falling back to frontend: Readline

Creating config file /etc/php/7.4/cli/php.ini with new version
Setting up libdbd-mariadb-perl (1.21-3) ...
Setting up libgd3:amd64 (2.3.0-2) ...
Setting up php-cli (2:7.4+76) ...
update-alternatives: using /usr/bin/php.default to provide /usr/bin/php (php) in auto mode
update-alternatives: using /usr/bin/phar.default to provide /usr/bin/phar (phar) in auto mode
update-alternatives: using /usr/bin/phar.phar.default to provide /usr/bin/phar.phar (phar.phar) in auto mode
Setting up php7.4-gd (7.4.33-1+deb11u5) ...
debconf: unable to initialize frontend: Dialog
debconf: (TERM is not set, so the dialog frontend is not usable.)
debconf: falling back to frontend: Readline

Creating config file /etc/php/7.4/mods-available/gd.ini with new version
Setting up php-xml (2:7.4+76) ...
Setting up php7.4-fpm (7.4.33-1+deb11u5) ...
debconf: unable to initialize frontend: Dialog
debconf: (TERM is not set, so the dialog frontend is not usable.)
debconf: falling back to frontend: Readline

Creating config file /etc/php/7.4/fpm/php.ini with new version
invoke-rc.d: could not determine current runlevel
invoke-rc.d: policy-rc.d denied execution of start.
Setting up php7.4 (7.4.33-1+deb11u5) ...
Setting up php-fpm (2:7.4+76) ...
Setting up php-gd (2:7.4+76) ...
Setting up php (2:7.4+76) ...
Processing triggers for libc-bin (2.31-13+deb11u11) ...
Processing triggers for ca-certificates (20210119) ...
Updating certificates in /etc/ssl/certs...
0 added, 0 removed; done.
Running hooks in /etc/ca-certificates/update.d...
done.
Processing triggers for php7.4-cli (7.4.33-1+deb11u5) ...
Processing triggers for php7.4-fpm (7.4.33-1+deb11u5) ...
invoke-rc.d: could not determine current runlevel
invoke-rc.d: policy-rc.d denied execution of restart.
Removing intermediate container a20f14e0c56b
 ---> abfbacbc0f48
Step 6/14 : RUN curl -O https://raw.githubusercontent.com/wp-cli/builds/gh-pages/phar/wp-cli.phar
 ---> Running in 4f861783f9b8
  % Total    % Received % Xferd  Average Speed   Time    Time     Time  Current
                                 Dload  Upload   Total   Spent    Left  Speed                                        
100 6882k  100 6882k    0     0  19.8M      0 --:--:-- --:--:-- --:--:-- 20.0M                                       
Removing intermediate container 4f861783f9b8                                                                         
 ---> c5f13ce6ae2f
Step 7/14 : RUN chmod +x wp-cli.phar
 ---> Running in f82b0b3820ab
Removing intermediate container f82b0b3820ab
 ---> d8e11ff78d4d
Step 8/14 : RUN mv wp-cli.phar /usr/local/bin/wp
 ---> Running in 494bc6536dae
Removing intermediate container 494bc6536dae
 ---> e6e2b36f1fe9
Step 9/14 : WORKDIR /var/www/html
 ---> Running in 396536526a11
Removing intermediate container 396536526a11
 ---> c048a493f190
Step 10/14 : RUN wp core download --allow-root
 ---> Running in 0e739c5e7201
Downloading WordPress 6.6.2 (en_US)...
md5 hash verified: 5ad38a84d6e188fea822a7f205ba5588
Success: WordPress downloaded.
Removing intermediate container 0e739c5e7201
 ---> 4186b939ac35
Step 11/14 : RUN chown -R www-data:www-data /var/www/html
 ---> Running in 01ade51bbce5
Removing intermediate container 01ade51bbce5
 ---> bae6fc1907c2
Step 12/14 : COPY ./tools/script.sh /configure.sh
 ---> 8bd85a8f6e7d
Step 13/14 : COPY ./conf/www.conf /etc/php/7.4/fpm/pool.d/www.conf
 ---> 21a7acf4048a
Step 14/14 : ENTRYPOINT ["bash", "/configure.sh"]
 ---> Running in f9f395b12e23
Removing intermediate container f9f395b12e23
 ---> 5242dad3c391
Successfully built 5242dad3c391
Successfully tagged srcs_wordpress:latest
Building nginx
DEPRECATED: The legacy builder is deprecated and will be removed in a future release.
            Install the buildx component to build images with BuildKit:
            https://docs.docker.com/go/buildx/

Sending build context to Docker daemon  9.728kB
Step 1/9 : FROM debian:bullseye
 ---> fd320476a1f2
Step 2/9 : RUN apt-get update
 ---> Using cache
 ---> e2cc492158cb
Step 3/9 : RUN apt-get upgrade -y
 ---> Using cache
 ---> 7aacd23256df
Step 4/9 : RUN apt install -y nginx openssl
 ---> Running in 32f297800608

WARNING: apt does not have a stable CLI interface. Use with caution in scripts.                                      
                                                                                                                     
Reading package lists...                                                                                             
Building dependency tree...
Reading state information...
The following additional packages will be installed:
  fontconfig-config fonts-dejavu-core geoip-database iproute2 libatm1 libbpf0
  libbrotli1 libbsd0 libcap2 libcap2-bin libdeflate0 libelf1 libexpat1
  libfontconfig1 libfreetype6 libgd3 libgeoip1 libicu67 libjbig0
  libjpeg62-turbo libmd0 libmnl0 libnginx-mod-http-geoip
  libnginx-mod-http-image-filter libnginx-mod-http-xslt-filter
  libnginx-mod-mail libnginx-mod-stream libnginx-mod-stream-geoip libpam-cap
  libpng16-16 libtiff5 libwebp6 libx11-6 libx11-data libxau6 libxcb1 libxdmcp6
  libxml2 libxpm4 libxslt1.1 libxtables12 nginx-common nginx-core
  sensible-utils ucf
Suggested packages:
  iproute2-doc libgd-tools geoip-bin fcgiwrap nginx-doc ssl-cert
  ca-certificates
The following NEW packages will be installed:
  fontconfig-config fonts-dejavu-core geoip-database iproute2 libatm1 libbpf0
  libbrotli1 libbsd0 libcap2 libcap2-bin libdeflate0 libelf1 libexpat1
  libfontconfig1 libfreetype6 libgd3 libgeoip1 libicu67 libjbig0
  libjpeg62-turbo libmd0 libmnl0 libnginx-mod-http-geoip
  libnginx-mod-http-image-filter libnginx-mod-http-xslt-filter
  libnginx-mod-mail libnginx-mod-stream libnginx-mod-stream-geoip libpam-cap
  libpng16-16 libtiff5 libwebp6 libx11-6 libx11-data libxau6 libxcb1 libxdmcp6
  libxml2 libxpm4 libxslt1.1 libxtables12 nginx nginx-common nginx-core
  openssl sensible-utils ucf
0 upgraded, 47 newly installed, 0 to remove and 0 not upgraded.
Need to get 21.6 MB of archives.
After this operation, 69.4 MB of additional disk space will be used.
Get:1 http://deb.debian.org/debian bullseye/main amd64 libelf1 amd64 0.183-1 [165 kB]
Get:2 http://deb.debian.org/debian bullseye/main amd64 libbpf0 amd64 1:0.3-2 [98.3 kB]
Get:3 http://deb.debian.org/debian bullseye/main amd64 libmd0 amd64 1.0.3-3 [28.0 kB]
Get:4 http://deb.debian.org/debian bullseye/main amd64 libbsd0 amd64 0.11.3-1+deb11u1 [108 kB]
Get:5 http://deb.debian.org/debian bullseye/main amd64 libcap2 amd64 1:2.44-1 [23.6 kB]
Get:6 http://deb.debian.org/debian bullseye/main amd64 libmnl0 amd64 1.0.4-3 [12.5 kB]
Get:7 http://deb.debian.org/debian bullseye/main amd64 libxtables12 amd64 1.8.7-1 [45.1 kB]
Get:8 http://deb.debian.org/debian bullseye/main amd64 libcap2-bin amd64 1:2.44-1 [32.6 kB]
Get:9 http://deb.debian.org/debian bullseye/main amd64 iproute2 amd64 5.10.0-4 [930 kB]
Get:10 http://deb.debian.org/debian bullseye/main amd64 sensible-utils all 0.0.14 [14.8 kB]
Get:11 http://deb.debian.org/debian bullseye/main amd64 ucf all 3.0043 [74.0 kB]
Get:12 http://deb.debian.org/debian bullseye/main amd64 fonts-dejavu-core all 2.37-2 [1069 kB]
Get:13 http://deb.debian.org/debian bullseye/main amd64 fontconfig-config all 2.13.1-4.2 [281 kB]
Get:14 http://deb.debian.org/debian bullseye/main amd64 geoip-database all 20191224-3 [3032 kB]
Get:15 http://deb.debian.org/debian bullseye/main amd64 libatm1 amd64 1:2.5.1-4 [71.3 kB]
Get:16 http://deb.debian.org/debian bullseye/main amd64 libbrotli1 amd64 1.0.9-2+b2 [279 kB]
Get:17 http://deb.debian.org/debian bullseye/main amd64 libdeflate0 amd64 1.7-1 [53.1 kB]
Get:18 http://deb.debian.org/debian-security bullseye-security/main amd64 libexpat1 amd64 2.2.10-2+deb11u6 [99.0 kB]
Get:19 http://deb.debian.org/debian bullseye/main amd64 libpng16-16 amd64 1.6.37-3 [294 kB]
Get:20 http://deb.debian.org/debian bullseye/main amd64 libfreetype6 amd64 2.10.4+dfsg-1+deb11u1 [418 kB]
Get:21 http://deb.debian.org/debian bullseye/main amd64 libfontconfig1 amd64 2.13.1-4.2 [347 kB]
Get:22 http://deb.debian.org/debian bullseye/main amd64 libjpeg62-turbo amd64 1:2.0.6-4 [151 kB]
Get:23 http://deb.debian.org/debian bullseye/main amd64 libjbig0 amd64 2.1-3.1+b2 [31.0 kB]
Get:24 http://deb.debian.org/debian bullseye/main amd64 libwebp6 amd64 0.6.1-2.1+deb11u2 [259 kB]
Get:25 http://deb.debian.org/debian bullseye/main amd64 libtiff5 amd64 4.2.0-1+deb11u5 [290 kB]
Get:26 http://deb.debian.org/debian bullseye/main amd64 libxau6 amd64 1:1.0.9-1 [19.7 kB]
Get:27 http://deb.debian.org/debian bullseye/main amd64 libxdmcp6 amd64 1:1.1.2-3 [26.3 kB]
Get:28 http://deb.debian.org/debian bullseye/main amd64 libxcb1 amd64 1.14-3 [140 kB]
Get:29 http://deb.debian.org/debian bullseye/main amd64 libx11-data all 2:1.7.2-1+deb11u2 [311 kB]
Get:30 http://deb.debian.org/debian bullseye/main amd64 libx11-6 amd64 2:1.7.2-1+deb11u2 [772 kB]
Get:31 http://deb.debian.org/debian bullseye/main amd64 libxpm4 amd64 1:3.5.12-1.1+deb11u1 [50.0 kB]
Get:32 http://deb.debian.org/debian bullseye/main amd64 libgd3 amd64 2.3.0-2 [137 kB]
Get:33 http://deb.debian.org/debian bullseye/main amd64 libgeoip1 amd64 1.6.12-7 [92.5 kB]
Get:34 http://deb.debian.org/debian bullseye/main amd64 libicu67 amd64 67.1-7 [8622 kB]
Get:35 http://deb.debian.org/debian bullseye/main amd64 nginx-common all 1.18.0-6.1+deb11u3 [126 kB]
Get:36 http://deb.debian.org/debian bullseye/main amd64 libnginx-mod-http-geoip amd64 1.18.0-6.1+deb11u3 [98.4 kB]
Get:37 http://deb.debian.org/debian bullseye/main amd64 libnginx-mod-http-image-filter amd64 1.18.0-6.1+deb11u3 [102 kB]
Get:38 http://deb.debian.org/debian-security bullseye-security/main amd64 libxml2 amd64 2.9.10+dfsg-6.7+deb11u5 [693 kB]
Get:39 http://deb.debian.org/debian bullseye/main amd64 libxslt1.1 amd64 1.1.34-4+deb11u1 [240 kB]
Get:40 http://deb.debian.org/debian bullseye/main amd64 libnginx-mod-http-xslt-filter amd64 1.18.0-6.1+deb11u3 [100 kB]
Get:41 http://deb.debian.org/debian bullseye/main amd64 libnginx-mod-mail amd64 1.18.0-6.1+deb11u3 [129 kB]
Get:42 http://deb.debian.org/debian bullseye/main amd64 libnginx-mod-stream amd64 1.18.0-6.1+deb11u3 [154 kB]
Get:43 http://deb.debian.org/debian bullseye/main amd64 libnginx-mod-stream-geoip amd64 1.18.0-6.1+deb11u3 [97.7 kB]
Get:44 http://deb.debian.org/debian bullseye/main amd64 libpam-cap amd64 1:2.44-1 [15.4 kB]
Get:45 http://deb.debian.org/debian bullseye/main amd64 nginx-core amd64 1.18.0-6.1+deb11u3 [515 kB]
Get:46 http://deb.debian.org/debian bullseye/main amd64 nginx all 1.18.0-6.1+deb11u3 [92.9 kB]
Get:47 http://deb.debian.org/debian bullseye/main amd64 openssl amd64 1.1.1w-0+deb11u1 [859 kB]
debconf: delaying package configuration, since apt-utils is not installed
Fetched 21.6 MB in 1s (19.4 MB/s)                                                                                    
Selecting previously unselected package libelf1:amd64.
(Reading database ... 6670 files and directories currently installed.)
Preparing to unpack .../00-libelf1_0.183-1_amd64.deb ...
Unpacking libelf1:amd64 (0.183-1) ...
Selecting previously unselected package libbpf0:amd64.
Preparing to unpack .../01-libbpf0_1%3a0.3-2_amd64.deb ...
Unpacking libbpf0:amd64 (1:0.3-2) ...
Selecting previously unselected package libmd0:amd64.
Preparing to unpack .../02-libmd0_1.0.3-3_amd64.deb ...
Unpacking libmd0:amd64 (1.0.3-3) ...
Selecting previously unselected package libbsd0:amd64.
Preparing to unpack .../03-libbsd0_0.11.3-1+deb11u1_amd64.deb ...
Unpacking libbsd0:amd64 (0.11.3-1+deb11u1) ...
Selecting previously unselected package libcap2:amd64.
Preparing to unpack .../04-libcap2_1%3a2.44-1_amd64.deb ...
Unpacking libcap2:amd64 (1:2.44-1) ...
Selecting previously unselected package libmnl0:amd64.
Preparing to unpack .../05-libmnl0_1.0.4-3_amd64.deb ...
Unpacking libmnl0:amd64 (1.0.4-3) ...
Selecting previously unselected package libxtables12:amd64.
Preparing to unpack .../06-libxtables12_1.8.7-1_amd64.deb ...
Unpacking libxtables12:amd64 (1.8.7-1) ...
Selecting previously unselected package libcap2-bin.
Preparing to unpack .../07-libcap2-bin_1%3a2.44-1_amd64.deb ...
Unpacking libcap2-bin (1:2.44-1) ...
Selecting previously unselected package iproute2.
Preparing to unpack .../08-iproute2_5.10.0-4_amd64.deb ...
Unpacking iproute2 (5.10.0-4) ...
Selecting previously unselected package sensible-utils.
Preparing to unpack .../09-sensible-utils_0.0.14_all.deb ...
Unpacking sensible-utils (0.0.14) ...
Selecting previously unselected package ucf.
Preparing to unpack .../10-ucf_3.0043_all.deb ...
Moving old data out of the way
Unpacking ucf (3.0043) ...
Selecting previously unselected package fonts-dejavu-core.
Preparing to unpack .../11-fonts-dejavu-core_2.37-2_all.deb ...
Unpacking fonts-dejavu-core (2.37-2) ...
Selecting previously unselected package fontconfig-config.
Preparing to unpack .../12-fontconfig-config_2.13.1-4.2_all.deb ...
Unpacking fontconfig-config (2.13.1-4.2) ...
Selecting previously unselected package geoip-database.
Preparing to unpack .../13-geoip-database_20191224-3_all.deb ...
Unpacking geoip-database (20191224-3) ...
Selecting previously unselected package libatm1:amd64.
Preparing to unpack .../14-libatm1_1%3a2.5.1-4_amd64.deb ...
Unpacking libatm1:amd64 (1:2.5.1-4) ...
Selecting previously unselected package libbrotli1:amd64.
Preparing to unpack .../15-libbrotli1_1.0.9-2+b2_amd64.deb ...
Unpacking libbrotli1:amd64 (1.0.9-2+b2) ...
Selecting previously unselected package libdeflate0:amd64.
Preparing to unpack .../16-libdeflate0_1.7-1_amd64.deb ...
Unpacking libdeflate0:amd64 (1.7-1) ...
Selecting previously unselected package libexpat1:amd64.
Preparing to unpack .../17-libexpat1_2.2.10-2+deb11u6_amd64.deb ...
Unpacking libexpat1:amd64 (2.2.10-2+deb11u6) ...
Selecting previously unselected package libpng16-16:amd64.
Preparing to unpack .../18-libpng16-16_1.6.37-3_amd64.deb ...
Unpacking libpng16-16:amd64 (1.6.37-3) ...
Selecting previously unselected package libfreetype6:amd64.
Preparing to unpack .../19-libfreetype6_2.10.4+dfsg-1+deb11u1_amd64.deb ...
Unpacking libfreetype6:amd64 (2.10.4+dfsg-1+deb11u1) ...
Selecting previously unselected package libfontconfig1:amd64.
Preparing to unpack .../20-libfontconfig1_2.13.1-4.2_amd64.deb ...
Unpacking libfontconfig1:amd64 (2.13.1-4.2) ...
Selecting previously unselected package libjpeg62-turbo:amd64.
Preparing to unpack .../21-libjpeg62-turbo_1%3a2.0.6-4_amd64.deb ...
Unpacking libjpeg62-turbo:amd64 (1:2.0.6-4) ...
Selecting previously unselected package libjbig0:amd64.
Preparing to unpack .../22-libjbig0_2.1-3.1+b2_amd64.deb ...
Unpacking libjbig0:amd64 (2.1-3.1+b2) ...
Selecting previously unselected package libwebp6:amd64.
Preparing to unpack .../23-libwebp6_0.6.1-2.1+deb11u2_amd64.deb ...
Unpacking libwebp6:amd64 (0.6.1-2.1+deb11u2) ...
Selecting previously unselected package libtiff5:amd64.
Preparing to unpack .../24-libtiff5_4.2.0-1+deb11u5_amd64.deb ...
Unpacking libtiff5:amd64 (4.2.0-1+deb11u5) ...
Selecting previously unselected package libxau6:amd64.
Preparing to unpack .../25-libxau6_1%3a1.0.9-1_amd64.deb ...
Unpacking libxau6:amd64 (1:1.0.9-1) ...
Selecting previously unselected package libxdmcp6:amd64.
Preparing to unpack .../26-libxdmcp6_1%3a1.1.2-3_amd64.deb ...
Unpacking libxdmcp6:amd64 (1:1.1.2-3) ...
Selecting previously unselected package libxcb1:amd64.
Preparing to unpack .../27-libxcb1_1.14-3_amd64.deb ...
Unpacking libxcb1:amd64 (1.14-3) ...
Selecting previously unselected package libx11-data.
Preparing to unpack .../28-libx11-data_2%3a1.7.2-1+deb11u2_all.deb ...
Unpacking libx11-data (2:1.7.2-1+deb11u2) ...
Selecting previously unselected package libx11-6:amd64.
Preparing to unpack .../29-libx11-6_2%3a1.7.2-1+deb11u2_amd64.deb ...
Unpacking libx11-6:amd64 (2:1.7.2-1+deb11u2) ...
Selecting previously unselected package libxpm4:amd64.
Preparing to unpack .../30-libxpm4_1%3a3.5.12-1.1+deb11u1_amd64.deb ...
Unpacking libxpm4:amd64 (1:3.5.12-1.1+deb11u1) ...
Selecting previously unselected package libgd3:amd64.
Preparing to unpack .../31-libgd3_2.3.0-2_amd64.deb ...
Unpacking libgd3:amd64 (2.3.0-2) ...
Selecting previously unselected package libgeoip1:amd64.
Preparing to unpack .../32-libgeoip1_1.6.12-7_amd64.deb ...
Unpacking libgeoip1:amd64 (1.6.12-7) ...
Selecting previously unselected package libicu67:amd64.
Preparing to unpack .../33-libicu67_67.1-7_amd64.deb ...
Unpacking libicu67:amd64 (67.1-7) ...
Selecting previously unselected package nginx-common.
Preparing to unpack .../34-nginx-common_1.18.0-6.1+deb11u3_all.deb ...
Unpacking nginx-common (1.18.0-6.1+deb11u3) ...
Selecting previously unselected package libnginx-mod-http-geoip.
Preparing to unpack .../35-libnginx-mod-http-geoip_1.18.0-6.1+deb11u3_amd64.deb ...
Unpacking libnginx-mod-http-geoip (1.18.0-6.1+deb11u3) ...
Selecting previously unselected package libnginx-mod-http-image-filter.
Preparing to unpack .../36-libnginx-mod-http-image-filter_1.18.0-6.1+deb11u3_amd64.deb ...
Unpacking libnginx-mod-http-image-filter (1.18.0-6.1+deb11u3) ...
Selecting previously unselected package libxml2:amd64.
Preparing to unpack .../37-libxml2_2.9.10+dfsg-6.7+deb11u5_amd64.deb ...
Unpacking libxml2:amd64 (2.9.10+dfsg-6.7+deb11u5) ...
Selecting previously unselected package libxslt1.1:amd64.
Preparing to unpack .../38-libxslt1.1_1.1.34-4+deb11u1_amd64.deb ...
Unpacking libxslt1.1:amd64 (1.1.34-4+deb11u1) ...
Selecting previously unselected package libnginx-mod-http-xslt-filter.
Preparing to unpack .../39-libnginx-mod-http-xslt-filter_1.18.0-6.1+deb11u3_amd64.deb ...
Unpacking libnginx-mod-http-xslt-filter (1.18.0-6.1+deb11u3) ...
Selecting previously unselected package libnginx-mod-mail.
Preparing to unpack .../40-libnginx-mod-mail_1.18.0-6.1+deb11u3_amd64.deb ...
Unpacking libnginx-mod-mail (1.18.0-6.1+deb11u3) ...
Selecting previously unselected package libnginx-mod-stream.
Preparing to unpack .../41-libnginx-mod-stream_1.18.0-6.1+deb11u3_amd64.deb ...
Unpacking libnginx-mod-stream (1.18.0-6.1+deb11u3) ...
Selecting previously unselected package libnginx-mod-stream-geoip.
Preparing to unpack .../42-libnginx-mod-stream-geoip_1.18.0-6.1+deb11u3_amd64.deb ...
Unpacking libnginx-mod-stream-geoip (1.18.0-6.1+deb11u3) ...
Selecting previously unselected package libpam-cap:amd64.
Preparing to unpack .../43-libpam-cap_1%3a2.44-1_amd64.deb ...
Unpacking libpam-cap:amd64 (1:2.44-1) ...
Selecting previously unselected package nginx-core.
Preparing to unpack .../44-nginx-core_1.18.0-6.1+deb11u3_amd64.deb ...
Unpacking nginx-core (1.18.0-6.1+deb11u3) ...
Selecting previously unselected package nginx.
Preparing to unpack .../45-nginx_1.18.0-6.1+deb11u3_all.deb ...
Unpacking nginx (1.18.0-6.1+deb11u3) ...
Selecting previously unselected package openssl.
Preparing to unpack .../46-openssl_1.1.1w-0+deb11u1_amd64.deb ...
Unpacking openssl (1.1.1w-0+deb11u1) ...
Setting up libexpat1:amd64 (2.2.10-2+deb11u6) ...
Setting up libxau6:amd64 (1:1.0.9-1) ...
Setting up libicu67:amd64 (67.1-7) ...
Setting up libbrotli1:amd64 (1.0.9-2+b2) ...
Setting up libdeflate0:amd64 (1.7-1) ...
Setting up nginx-common (1.18.0-6.1+deb11u3) ...
debconf: unable to initialize frontend: Dialog
debconf: (TERM is not set, so the dialog frontend is not usable.)
debconf: falling back to frontend: Readline
debconf: unable to initialize frontend: Readline
debconf: (Can't locate Term/ReadLine.pm in @INC (you may need to install the Term::ReadLine module) (@INC contains: /etc/perl /usr/local/lib/x86_64-linux-gnu/perl/5.32.1 /usr/local/share/perl/5.32.1 /usr/lib/x86_64-linux-gnu/perl5/5.32 /usr/share/perl5 /usr/lib/x86_64-linux-gnu/perl-base /usr/lib/x86_64-linux-gnu/perl/5.32 /usr/share/perl/5.32 /usr/local/lib/site_perl) at /usr/share/perl5/Debconf/FrontEnd/Readline.pm line 7.)
debconf: falling back to frontend: Teletype
Setting up libatm1:amd64 (1:2.5.1-4) ...
Setting up libjbig0:amd64 (2.1-3.1+b2) ...
Setting up libcap2:amd64 (1:2.44-1) ...
Setting up libcap2-bin (1:2.44-1) ...
Setting up libjpeg62-turbo:amd64 (1:2.0.6-4) ...
Setting up libx11-data (2:1.7.2-1+deb11u2) ...
Setting up libpng16-16:amd64 (1.6.37-3) ...
Setting up libmnl0:amd64 (1.0.4-3) ...
Setting up libwebp6:amd64 (0.6.1-2.1+deb11u2) ...
Setting up fonts-dejavu-core (2.37-2) ...
Setting up libxtables12:amd64 (1.8.7-1) ...
Setting up libmd0:amd64 (1.0.3-3) ...
Setting up sensible-utils (0.0.14) ...
Setting up libgeoip1:amd64 (1.6.12-7) ...
Setting up libtiff5:amd64 (4.2.0-1+deb11u5) ...
Setting up geoip-database (20191224-3) ...
Setting up openssl (1.1.1w-0+deb11u1) ...
Setting up libbsd0:amd64 (0.11.3-1+deb11u1) ...
Setting up libelf1:amd64 (0.183-1) ...
Setting up libpam-cap:amd64 (1:2.44-1) ...
debconf: unable to initialize frontend: Dialog
debconf: (TERM is not set, so the dialog frontend is not usable.)
debconf: falling back to frontend: Readline
debconf: unable to initialize frontend: Readline
debconf: (Can't locate Term/ReadLine.pm in @INC (you may need to install the Term::ReadLine module) (@INC contains: /etc/perl /usr/local/lib/x86_64-linux-gnu/perl/5.32.1 /usr/local/share/perl/5.32.1 /usr/lib/x86_64-linux-gnu/perl5/5.32 /usr/share/perl5 /usr/lib/x86_64-linux-gnu/perl-base /usr/lib/x86_64-linux-gnu/perl/5.32 /usr/share/perl/5.32 /usr/local/lib/site_perl) at /usr/share/perl5/Debconf/FrontEnd/Readline.pm line 7.)
debconf: falling back to frontend: Teletype
Setting up libxml2:amd64 (2.9.10+dfsg-6.7+deb11u5) ...
Setting up libnginx-mod-mail (1.18.0-6.1+deb11u3) ...
Setting up libxdmcp6:amd64 (1:1.1.2-3) ...
Setting up libxcb1:amd64 (1.14-3) ...
Setting up libnginx-mod-stream (1.18.0-6.1+deb11u3) ...
Setting up libnginx-mod-stream-geoip (1.18.0-6.1+deb11u3) ...
Setting up libnginx-mod-http-geoip (1.18.0-6.1+deb11u3) ...
Setting up libfreetype6:amd64 (2.10.4+dfsg-1+deb11u1) ...
Setting up ucf (3.0043) ...
debconf: unable to initialize frontend: Dialog
debconf: (TERM is not set, so the dialog frontend is not usable.)
debconf: falling back to frontend: Readline
debconf: unable to initialize frontend: Readline
debconf: (Can't locate Term/ReadLine.pm in @INC (you may need to install the Term::ReadLine module) (@INC contains: /etc/perl /usr/local/lib/x86_64-linux-gnu/perl/5.32.1 /usr/local/share/perl/5.32.1 /usr/lib/x86_64-linux-gnu/perl5/5.32 /usr/share/perl5 /usr/lib/x86_64-linux-gnu/perl-base /usr/lib/x86_64-linux-gnu/perl/5.32 /usr/share/perl/5.32 /usr/local/lib/site_perl) at /usr/share/perl5/Debconf/FrontEnd/Readline.pm line 7.)
debconf: falling back to frontend: Teletype
Setting up libxslt1.1:amd64 (1.1.34-4+deb11u1) ...
Setting up libx11-6:amd64 (2:1.7.2-1+deb11u2) ...
Setting up libbpf0:amd64 (1:0.3-2) ...
Setting up libxpm4:amd64 (1:3.5.12-1.1+deb11u1) ...
Setting up fontconfig-config (2.13.1-4.2) ...
debconf: unable to initialize frontend: Dialog
debconf: (TERM is not set, so the dialog frontend is not usable.)
debconf: falling back to frontend: Readline
debconf: unable to initialize frontend: Readline
debconf: (Can't locate Term/ReadLine.pm in @INC (you may need to install the Term::ReadLine module) (@INC contains: /etc/perl /usr/local/lib/x86_64-linux-gnu/perl/5.32.1 /usr/local/share/perl/5.32.1 /usr/lib/x86_64-linux-gnu/perl5/5.32 /usr/share/perl5 /usr/lib/x86_64-linux-gnu/perl-base /usr/lib/x86_64-linux-gnu/perl/5.32 /usr/share/perl/5.32 /usr/local/lib/site_perl) at /usr/share/perl5/Debconf/FrontEnd/Readline.pm line 7.)
debconf: falling back to frontend: Teletype
Setting up iproute2 (5.10.0-4) ...
debconf: unable to initialize frontend: Dialog
debconf: (TERM is not set, so the dialog frontend is not usable.)
debconf: falling back to frontend: Readline
debconf: unable to initialize frontend: Readline
debconf: (Can't locate Term/ReadLine.pm in @INC (you may need to install the Term::ReadLine module) (@INC contains: /etc/perl /usr/local/lib/x86_64-linux-gnu/perl/5.32.1 /usr/local/share/perl/5.32.1 /usr/lib/x86_64-linux-gnu/perl5/5.32 /usr/share/perl5 /usr/lib/x86_64-linux-gnu/perl-base /usr/lib/x86_64-linux-gnu/perl/5.32 /usr/share/perl/5.32 /usr/local/lib/site_perl) at /usr/share/perl5/Debconf/FrontEnd/Readline.pm line 7.)
debconf: falling back to frontend: Teletype
Setting up libnginx-mod-http-xslt-filter (1.18.0-6.1+deb11u3) ...
Setting up libfontconfig1:amd64 (2.13.1-4.2) ...
Setting up libgd3:amd64 (2.3.0-2) ...
Setting up libnginx-mod-http-image-filter (1.18.0-6.1+deb11u3) ...
Setting up nginx-core (1.18.0-6.1+deb11u3) ...
invoke-rc.d: could not determine current runlevel
invoke-rc.d: policy-rc.d denied execution of start.
Setting up nginx (1.18.0-6.1+deb11u3) ...
Processing triggers for libc-bin (2.31-13+deb11u11) ...
Removing intermediate container 32f297800608
 ---> fc37aba382ad
Step 5/9 : RUN mkdir -p /etc/nginx/ssl
 ---> Running in c9be936d0eb3
Removing intermediate container c9be936d0eb3
 ---> f55ce0a8d308
Step 6/9 : COPY conf/test.conf /etc/nginx/http.d/
 ---> c3001e650c63
Step 7/9 : COPY tools/script.sh /etc/nginx/script.sh
 ---> c068739ad650
Step 8/9 : EXPOSE 443
 ---> Running in 5259fe060592
Removing intermediate container 5259fe060592
 ---> 1f8ec894aeb2
Step 9/9 : ENTRYPOINT [ "/bin/sh","/etc/nginx/script.sh" ]
 ---> Running in 63aa3e982b07
Removing intermediate container 63aa3e982b07
 ---> d787b5af9f3c
Successfully built d787b5af9f3c
Successfully tagged srcs_nginx:latest
Creating mariadb ... error

ERROR: for mariadb  Cannot start service mariadb: error while mounting volume '/var/lib/docker/volumes/mariadb_data/_data': failed to mount local volume: mount /Users/Gabriele/Inception/mariadb_data:/var/lib/docker/volumes/mariadb_data/_data, flags: 0x1000: no such file or directory

ERROR: for mariadb  Cannot start service mariadb: error while mounting volume '/var/lib/docker/volumes/mariadb_data/_data': failed to mount local volume: mount /Users/Gabriele/Inception/mariadb_data:/var/lib/docker/volumes/mariadb_data/_data, flags: 0x1000: no such file or directory
ERROR: Encountered errors while bringing up the project.
make: *** [Makefile:5: up] Errore 1
root@gdungdiung-virtualbox:/home/gdungdiung/Desktop/Inception#
